[www.jubileeschool.in/index.html]
[backblue.gif]
[fade.gif]
[index.html]
[www.jubileeschool.in/js/jquery-1.11.0.min.js]
[www.jubileeschool.in/js/jquery-migrate-1.2.1.min.js]
[www.jubileeschool.in/engine1/jquery.js]
[www.jubileeschool.in/img/logo.jpg]
[www.jubileeschool.in/index-2.html]
[www.jubileeschool.in/about.html]
[www.jubileeschool.in/aims.html]
[www.jubileeschool.in/management.html]
[www.jubileeschool.in/president_message.html]
[www.jubileeschool.in/principal_message.html]
[www.jubileeschool.in/calendar.pdf]
[www.jubileeschool.in/admission.html]
[www.jubileeschool.in/scholarship.html]
[www.jubileeschool.in/assembly.html]
[www.jubileeschool.in/house.html]
[www.jubileeschool.in/cabinet.html]
[www.jubileeschool.in/facility.html]
[www.jubileeschool.in/meeting.html]
[www.jubileeschool.in/uniform.html]
[www.jubileeschool.in/rules.html]
[www.jubileeschool.in/discipline.html]
[www.jubileeschool.in/transport.html]
[www.jubileeschool.in/safety.html]
[www.jubileeschool.in/events.html]
[www.jubileeschool.in/achievements.html]
[www.jubileeschool.in/gallery.html]
[www.jubileeschool.in/contact.html]
[www.jubileeschool.in/data1/images/banner01.jpg]
[www.jubileeschool.in/data1/images/banner02.jpg]
[www.jubileeschool.in/data1/images/banner04.jpg]
[www.jubileeschool.in/data1/images/banner05.jpg]
[www.jubileeschool.in/data1/images/banner06.jpg]
[www.jubileeschool.in/engine1/wowslider.js]
[www.jubileeschool.in/engine1/script.js]
[www.jubileeschool.in/img/about_us.jpg]
[www.jubileeschool.in/admission.png]
[www.jubileeschool.in/js/bootstrap.js]
[www.jubileeschool.in/js/plugins.js]
[www.jubileeschool.in/js/custom.js]
[www.jubileeschool.in/index.html]
[www.jubileeschool.in/css/animate.css]
[www.jubileeschool.in/fonts/fontawesome-webfont78ce.eot]
[www.jubileeschool.in/fonts/fontawesome-webfontd41d.eot]
[www.jubileeschool.in/fonts/fontawesome-webfont78ce.woff]
[www.jubileeschool.in/fonts/fontawesome-webfont78ce.ttf]
[www.jubileeschool.in/css/font-awesome.min.css]
[www.jubileeschool.in/img/bg-pattern.png]
[www.jubileeschool.in/img/s.png]
[www.jubileeschool.in/img/header-bg-light-blue.png]
[www.jubileeschool.in/img/header-bg-blue.png]
[www.jubileeschool.in/img/header-bg-red.png]
[www.jubileeschool.in/img/header-bg-gray.png]
[www.jubileeschool.in/img/facility.jpg]
[www.jubileeschool.in/css/mps-style.css]
[www.jubileeschool.in/menu_files/css3menu1/style.css]
[www.jubileeschool.in/engine1/bullet.png]
[www.jubileeschool.in/engine1/arrows.png]
[www.jubileeschool.in/engine1/pause.png]
[www.jubileeschool.in/engine1/play.png]
[www.jubileeschool.in/engine1/style.css]
[www.jubileeschool.in/index-2.html]
[www.jubileeschool.in/img/banner_profile.jpg]
[www.jubileeschool.in/img/profile.jpg]
[www.jubileeschool.in/about.html]
[www.jubileeschool.in/img/banner_aim.jpg]
[www.jubileeschool.in/img/aims.jpg]
[www.jubileeschool.in/aims.html]
[www.jubileeschool.in/img/banner_mgmt.jpg]
[www.jubileeschool.in/management.html]
[www.jubileeschool.in/academics.41.delayed]
[www.jubileeschool.in/beyond_books.42.delayed]
[www.jubileeschool.in/resource.43.delayed]
[www.jubileeschool.in/special_events.44.delayed]
[www.jubileeschool.in/links.45.delayed]
[www.jubileeschool.in/img/banner_president.jpg]
[www.jubileeschool.in/img/president_icon.jpg]
[www.jubileeschool.in/president_message.html]
[www.jubileeschool.in/img/banner_principal.jpg]
[www.jubileeschool.in/img/principal_icon.jpg]
[www.jubileeschool.in/principal_message.html]
[www.jubileeschool.in/img/banner_admission.jpg]
[www.jubileeschool.in/img/admission.png]
[www.jubileeschool.in/img/kiddo.jpg]
[www.jubileeschool.in/admission.html]
[www.jubileeschool.in/img/banner_scholarship.jpg]
[www.jubileeschool.in/scholarship.html]
[www.jubileeschool.in/img/banner_assembly.jpg]
[www.jubileeschool.in/assembly.html]
[www.jubileeschool.in/img/banner_cabinet.jpg]
[www.jubileeschool.in/img/house.jpg]
[www.jubileeschool.in/house.html]
[www.jubileeschool.in/cabinet.html]
[www.jubileeschool.in/img/banner_facility.jpg]
[www.jubileeschool.in/facility.html]
[www.jubileeschool.in/img/banner_meeting.jpg]
[www.jubileeschool.in/meeting.html]
[www.jubileeschool.in/uniform.html]
[www.jubileeschool.in/img/banner_rule.jpg]
[www.jubileeschool.in/rules.html]
[www.jubileeschool.in/img/banner_discipline.jpg]
[www.jubileeschool.in/discipline.html]
[www.jubileeschool.in/img/banner_transport.jpg]
[www.jubileeschool.in/transport.html]
[www.jubileeschool.in/img/banner_safety.jpg]
[www.jubileeschool.in/safety.html]
[www.jubileeschool.in/img/banner_events19.jpg]
[www.jubileeschool.in/events/career19.jpg]
[www.jubileeschool.in/events/drama19.jpg]
[www.jubileeschool.in/events/sports19.jpg]
[www.jubileeschool.in/events/plasticfree19.jpg]
[www.jubileeschool.in/events/childrens19.jpg]
[www.jubileeschool.in/events/quiz19.jpg]
[www.jubileeschool.in/events/rajyotsava19.jpg]
[www.jubileeschool.in/events/galore19.jpg]
[www.jubileeschool.in/events/spellbee19.jpg]
[www.jubileeschool.in/events/gandhi19.jpg]
[www.jubileeschool.in/events/teachers19.jpg]
[www.jubileeschool.in/events/health19.jpg]
[www.jubileeschool.in/events/mgfarm19.jpg]
[www.jubileeschool.in/events/it19.jpg]
[www.jubileeschool.in/events/independence1902.jpg]
[www.jubileeschool.in/events/independence1901.jpg]
[www.jubileeschool.in/events/independence1903.jpg]
[www.jubileeschool.in/events/symphony1901.jpg]
[www.jubileeschool.in/events/sangam19.jpg]
[www.jubileeschool.in/events/hal19.jpg]
[www.jubileeschool.in/events/anju19.jpg]
[www.jubileeschool.in/events/susheela_visit.jpg]
[www.jubileeschool.in/events/fest19.jpg]
[www.jubileeschool.in/events/doctorday19.jpg]
[www.jubileeschool.in/events/awareness19.jpg]
[www.jubileeschool.in/events/yoga19.jpg]
[www.jubileeschool.in/events/investiture19.jpg]
[www.jubileeschool.in/events/environment19.jpg]
[www.jubileeschool.in/events/sslc19.jpg]
[www.jubileeschool.in/events/reopen19.jpg]
[www.jubileeschool.in/events_201819.html]
[www.jubileeschool.in/events.html]
[www.jubileeschool.in/img/banner_achieve.jpg]
[www.jubileeschool.in/achieve/toppers1920.jpg]
[www.jubileeschool.in/achieve/project19.jpg]
[www.jubileeschool.in/achieve/indianacademy19.jpg]
[www.jubileeschool.in/achieve/khadi_congrats19.jpg]
[www.jubileeschool.in/achieve/gouthami19.jpg]
[www.jubileeschool.in/achieve/koushik19.jpg]
[www.jubileeschool.in/achieve/abhishek19.jpg]
[www.jubileeschool.in/achieve/shabin19.jpg]
[www.jubileeschool.in/achieve/divya19.jpg]
[www.jubileeschool.in/achieve/toppers_1819_list.jpg]
[www.jubileeschool.in/achieve/toppers_1819.jpg]
[www.jubileeschool.in/achieve/olympiadeng18.jpg]
[www.jubileeschool.in/achieve/tcs_1819.jpg]
[www.jubileeschool.in/achieve/rainbow19.jpg]
[www.jubileeschool.in/achieve/iacademy18.jpg]
[www.jubileeschool.in/achieve/appreciation2018.jpg]
[www.jubileeschool.in/achieve/bharath_2018.jpg]
[www.jubileeschool.in/achieve/harshitha_2018.jpg]
[www.jubileeschool.in/achieve/rana_2018.jpg]
[www.jubileeschool.in/achieve/anusha_2018.jpg]
[www.jubileeschool.in/achieve/abhishek_2018.jpg]
[www.jubileeschool.in/achieve/faiza_2018.jpg]
[www.jubileeschool.in/achieve/thendral_2018.jpg]
[www.jubileeschool.in/achieve/uma_2018.jpg]
[www.jubileeschool.in/achieve/muskan_2018.jpg]
[www.jubileeschool.in/achieve/shreyas_2018.jpg]
[www.jubileeschool.in/achieve/vinisha_2018.jpg]
[www.jubileeschool.in/achieve/athul_2018.jpg]
[www.jubileeschool.in/achieve/padmashree_2018.jpg]
[www.jubileeschool.in/achieve/revanth_2018.jpg]
[www.jubileeschool.in/achieve/valsalya_2018.jpg]
[www.jubileeschool.in/achieve/gowri_2018.jpg]
[www.jubileeschool.in/achieve/tcs-award.jpg]
[www.jubileeschool.in/achieve/chess-gauthami.jpg]
[www.jubileeschool.in/achieve/falicitate-scout.jpg]
[www.jubileeschool.in/achieve/olympiad1801.jpg]
[www.jubileeschool.in/achieve/olympiad-science18.jpg]
[www.jubileeschool.in/achieve/karate-aaraadhana.jpg]
[www.jubileeschool.in/achieve/facilitation.jpg]
[www.jubileeschool.in/achievements.html]
[www.jubileeschool.in/gallery_reopening19.html]
[www.jubileeschool.in/gallery/reopening19.jpg]
[www.jubileeschool.in/gallery_environment19.html]
[www.jubileeschool.in/gallery/environment19.jpg]
[www.jubileeschool.in/gallery_investiture19.html]
[www.jubileeschool.in/gallery/investiture19.jpg]
[www.jubileeschool.in/gallery_fest19.html]
[www.jubileeschool.in/gallery/fest19.jpg]
[www.jubileeschool.in/gallery_doctor19.html]
[www.jubileeschool.in/gallery/doctor19.jpg]
[www.jubileeschool.in/gallery_yoga19.html]
[www.jubileeschool.in/gallery/yoga19.jpg]
[www.jubileeschool.in/gallery_awareness19.html]
[www.jubileeschool.in/gallery/awareness19.jpg]
[www.jubileeschool.in/gallery_iday19.html]
[www.jubileeschool.in/gallery/iday1901.jpg]
[www.jubileeschool.in/gallery_independence19.html]
[www.jubileeschool.in/gallery/independence19.jpg]
[www.jubileeschool.in/gallery_symphony19.html]
[www.jubileeschool.in/gallery/symphony19.jpg]
[www.jubileeschool.in/gallery_sangam19.html]
[www.jubileeschool.in/gallery/sangam19.jpg]
[www.jubileeschool.in/gallery_teacher19.html]
[www.jubileeschool.in/gallery/teacher19.jpg]
[www.jubileeschool.in/gallery_health19.html]
[www.jubileeschool.in/gallery/health19.jpg]
[www.jubileeschool.in/gallery_gandhi19.html]
[www.jubileeschool.in/gallery/gandhi19.jpg]
[www.jubileeschool.in/gallery_mgfarm19.html]
[www.jubileeschool.in/gallery/mgfarm19.jpg]
[www.jubileeschool.in/gallery_hal19.html]
[www.jubileeschool.in/gallery/hal19.jpg]
[www.jubileeschool.in/gallery_pooja19.html]
[www.jubileeschool.in/gallery/pooja19.jpg]
[www.jubileeschool.in/gallery_spellbee19.html]
[www.jubileeschool.in/gallery/spellbee19.jpg]
[www.jubileeschool.in/gallery_rajyotsava19.html]
[www.jubileeschool.in/gallery/rajyotsava19.jpg]
[www.jubileeschool.in/gallery_activity19.html]
[www.jubileeschool.in/gallery/activity19.jpg]
[www.jubileeschool.in/gallery_sports19.html]
[www.jubileeschool.in/gallery/sports19.jpg]
[www.jubileeschool.in/gallery_project19.html]
[www.jubileeschool.in/gallery/project19.jpg]
[www.jubileeschool.in/gallery_playlearn19.html]
[www.jubileeschool.in/gallery/playlearn19.jpg]
[www.jubileeschool.in/gallery_childrensday19.html]
[www.jubileeschool.in/gallery/childrensday19.jpg]
[www.jubileeschool.in/gallery_annual19201.html]
[www.jubileeschool.in/gallery/harmony191.jpg]
[www.jubileeschool.in/gallery_annual19202.html]
[www.jubileeschool.in/gallery/harmony192.jpg]
[www.jubileeschool.in/gallery_thanks19.html]
[www.jubileeschool.in/gallery/thanks19.jpg]
[www.jubileeschool.in/gallery_kuvempu19.html]
[www.jubileeschool.in/gallery/kuvempu19.jpg]
[www.jubileeschool.in/gallery_graduation20.html]
[www.jubileeschool.in/gallery/graduation20.jpg]
[www.jubileeschool.in/gallery1819.html]
[www.jubileeschool.in/gallery.html]
[www.jubileeschool.in/js/jquery.gmap3.min.js]
[www.jubileeschool.in/contact.html]
[www.jubileeschool.in/fonts/fontawesome-webfont78ce.svg]
[www.jubileeschool.in/academics.html]
[www.jubileeschool.in/beyond_books.html]
[www.jubileeschool.in/resource.html]
[www.jubileeschool.in/special_events.html]
[www.jubileeschool.in/links.html]
[www.jubileeschool.in/img/banner_events.jpg]
[www.jubileeschool.in/events/graduation_19.jpg]
[www.jubileeschool.in/events/guidance_2019.jpg]
[www.jubileeschool.in/events/civilservice19.jpg]
[www.jubileeschool.in/events/motivation_president.jpg]
[www.jubileeschool.in/events/music18.jpg]
[www.jubileeschool.in/events/sridhar18.jpg]
[www.jubileeschool.in/events/deworm18.jpg]
[www.jubileeschool.in/events/spellbee18.jpg]
[www.jubileeschool.in/events/health18.jpg]
[www.jubileeschool.in/events/solarpower1801.jpg]
[www.jubileeschool.in/events/independence1801.jpg]
[www.jubileeschool.in/events/farewell_thresiama.jpg]
[www.jubileeschool.in/events/quest18.jpg]
[www.jubileeschool.in/events/yoga18.jpg]
[www.jubileeschool.in/events/environment.jpg]
[www.jubileeschool.in/events/investiture1803.jpg]
[www.jubileeschool.in/events_201819.html]
[www.jubileeschool.in/engine2/jquery.js]
[www.jubileeschool.in/data2/images/reopening1801.jpg]
[www.jubileeschool.in/data2/images/reopening1802.jpg]
[www.jubileeschool.in/data2/images/reopening1803.jpg]
[www.jubileeschool.in/data2/images/reopening1804.jpg]
[www.jubileeschool.in/data2/images/reopening1805.jpg]
[www.jubileeschool.in/data2/images/reopening1806.jpg]
[www.jubileeschool.in/data2/images/reopening1807.jpg]
[www.jubileeschool.in/data2/images/reopening1808.jpg]
[www.jubileeschool.in/data2/images/reopening1809.jpg]
[www.jubileeschool.in/data2/images/reopening1810.jpg]
[www.jubileeschool.in/data2/images/reopening1811.jpg]
[www.jubileeschool.in/data2/images/reopening1812.jpg]
[www.jubileeschool.in/engine2/wowslider.js]
[www.jubileeschool.in/engine2/script.js]
[www.jubileeschool.in/img/back.jpg]
[www.jubileeschool.in/gallery_reopening19.html]
[www.jubileeschool.in/data2/images/environment1901.jpg]
[www.jubileeschool.in/data2/images/environment1902.jpg]
[www.jubileeschool.in/data2/images/environment1903.jpg]
[www.jubileeschool.in/data2/images/environment1904.jpg]
[www.jubileeschool.in/data2/images/environment1905.jpg]
[www.jubileeschool.in/data2/images/environment1906.jpg]
[www.jubileeschool.in/data2/images/environment1907.jpg]
[www.jubileeschool.in/data2/images/environment1908.jpg]
[www.jubileeschool.in/gallery_environment19.html]
[www.jubileeschool.in/data2/images/investiture1901.jpg]
[www.jubileeschool.in/data2/images/investiture1902.jpg]
[www.jubileeschool.in/data2/images/investiture1903.jpg]
[www.jubileeschool.in/data2/images/investiture1904.jpg]
[www.jubileeschool.in/data2/images/investiture1905.jpg]
[www.jubileeschool.in/data2/images/investiture1906.jpg]
[www.jubileeschool.in/data2/images/investiture1907.jpg]
[www.jubileeschool.in/data2/images/investiture1908.jpg]
[www.jubileeschool.in/gallery_investiture19.html]
[www.jubileeschool.in/data2/images/fest1901.jpg]
[www.jubileeschool.in/data2/images/fest1902.jpg]
[www.jubileeschool.in/data2/images/fest1903.jpg]
[www.jubileeschool.in/data2/images/fest1904.jpg]
[www.jubileeschool.in/data2/images/fest1905.jpg]
[www.jubileeschool.in/data2/images/fest1906.jpg]
[www.jubileeschool.in/data2/images/fest1907.jpg]
[www.jubileeschool.in/data2/images/fest1908.jpg]
[www.jubileeschool.in/data2/images/fest1909.jpg]
[www.jubileeschool.in/data2/images/fest1910.jpg]
[www.jubileeschool.in/data2/images/fest1911.117.delayed]
[www.jubileeschool.in/data2/images/fest1912.jpg]
[www.jubileeschool.in/data2/images/fest1913.jpg]
[www.jubileeschool.in/data2/images/fest1914.jpg]
[www.jubileeschool.in/data2/images/fest1915.jpg]
[www.jubileeschool.in/data2/images/fest1916.jpg]
[www.jubileeschool.in/data2/images/fest1917.jpg]
[www.jubileeschool.in/data2/images/fest1918.jpg]
[www.jubileeschool.in/data2/images/fest1919.jpg]
[www.jubileeschool.in/data2/images/fest1920.jpg]
[www.jubileeschool.in/data2/images/fest1921.jpg]
[www.jubileeschool.in/data2/images/fest1922.jpg]
[www.jubileeschool.in/data2/images/fest1923.jpg]
[www.jubileeschool.in/data2/images/fest1924.jpg]
[www.jubileeschool.in/data2/images/fest1925.jpg]
[www.jubileeschool.in/data2/images/fest1926.jpg]
[www.jubileeschool.in/data2/images/fest1927.jpg]
[www.jubileeschool.in/data2/images/fest1928.jpg]
[www.jubileeschool.in/data2/images/fest1929.jpg]
[www.jubileeschool.in/data2/images/fest1930.jpg]
[www.jubileeschool.in/data2/images/fest1931.jpg]
[www.jubileeschool.in/data2/images/fest1932.jpg]
[www.jubileeschool.in/data2/images/fest1933.jpg]
[www.jubileeschool.in/data2/images/fest1934.jpg]
[www.jubileeschool.in/data2/images/fest1935.jpg]
[www.jubileeschool.in/data2/images/fest1936.jpg]
[www.jubileeschool.in/data2/images/fest1937.jpg]
[www.jubileeschool.in/data2/images/fest1938.jpg]
[www.jubileeschool.in/data2/images/fest1939.jpg]
[www.jubileeschool.in/data2/images/fest1940.jpg]
[www.jubileeschool.in/data2/images/fest1941.jpg]
[www.jubileeschool.in/gallery_fest19.html]
[www.jubileeschool.in/data2/images/doctor1901.jpg]
[www.jubileeschool.in/data2/images/doctor1902.jpg]
[www.jubileeschool.in/data2/images/doctor1903.jpg]
[www.jubileeschool.in/data2/images/doctor1904.jpg]
[www.jubileeschool.in/data2/images/doctor1905.jpg]
[www.jubileeschool.in/data2/images/doctor1906.jpg]
[www.jubileeschool.in/data2/images/doctor1907.jpg]
[www.jubileeschool.in/data2/images/doctor1908.jpg]
[www.jubileeschool.in/data2/images/doctor1909.jpg]
[www.jubileeschool.in/data2/images/doctor1910.13f.delayed]
[www.jubileeschool.in/data2/images/doctor1911.jpg]
[www.jubileeschool.in/data2/images/doctor1912.jpg]
[www.jubileeschool.in/data2/images/doctor1913.jpg]
[www.jubileeschool.in/data2/images/doctor1914.jpg]
[www.jubileeschool.in/data2/images/doctor1915.jpg]
[www.jubileeschool.in/data2/images/doctor1916.jpg]
[www.jubileeschool.in/data2/images/doctor1917.jpg]
[www.jubileeschool.in/data2/images/doctor1918.jpg]
[www.jubileeschool.in/data2/images/doctor1919.jpg]
[www.jubileeschool.in/data2/images/doctor1920.jpg]
[www.jubileeschool.in/data2/images/doctor1921.jpg]
[www.jubileeschool.in/data2/images/doctor1922.jpg]
[www.jubileeschool.in/data2/images/doctor1923.jpg]
[www.jubileeschool.in/gallery_doctor19.html]
[www.jubileeschool.in/data2/images/yoga1901.jpg]
[www.jubileeschool.in/data2/images/yoga1902.jpg]
[www.jubileeschool.in/data2/images/yoga1903.jpg]
[www.jubileeschool.in/data2/images/yoga1904.jpg]
[www.jubileeschool.in/data2/images/yoga1905.jpg]
[www.jubileeschool.in/data2/images/yoga1906.jpg]
[www.jubileeschool.in/data2/images/yoga1907.jpg]
[www.jubileeschool.in/data2/images/yoga1908.jpg]
[www.jubileeschool.in/data2/images/yoga1909.jpg]
[www.jubileeschool.in/data2/images/yoga1910.jpg]
[www.jubileeschool.in/data2/images/yoga1911.jpg]
[www.jubileeschool.in/gallery_yoga19.html]
[www.jubileeschool.in/data2/images/awareness1901.jpg]
[www.jubileeschool.in/data2/images/awareness1902.jpg]
[www.jubileeschool.in/data2/images/awareness1903.jpg]
[www.jubileeschool.in/data2/images/awareness1904.jpg]
[www.jubileeschool.in/data2/images/awareness1905.jpg]
[www.jubileeschool.in/data2/images/awareness1906.jpg]
[www.jubileeschool.in/gallery_awareness19.html]
[www.jubileeschool.in/data2/images/iday1901.jpg]
[www.jubileeschool.in/data2/images/iday1902.jpg]
[www.jubileeschool.in/data2/images/iday1903.jpg]
[www.jubileeschool.in/data2/images/iday1904.jpg]
[www.jubileeschool.in/data2/images/iday1905.jpg]
[www.jubileeschool.in/data2/images/iday1906.jpg]
[www.jubileeschool.in/data2/images/iday1907.jpg]
[www.jubileeschool.in/data2/images/iday1908.jpg]
[www.jubileeschool.in/gallery_iday19.html]
[www.jubileeschool.in/data2/images/independence1901.jpg]
[www.jubileeschool.in/data2/images/independence1902.jpg]
[www.jubileeschool.in/data2/images/independence1903.jpg]
[www.jubileeschool.in/data2/images/independence1904.jpg]
[www.jubileeschool.in/data2/images/independence1905.jpg]
[www.jubileeschool.in/data2/images/independence1906.jpg]
[www.jubileeschool.in/data2/images/independence1907.jpg]
[www.jubileeschool.in/data2/images/independence1908.jpg]
[www.jubileeschool.in/data2/images/independence1909.jpg]
[www.jubileeschool.in/data2/images/independence1910.jpg]
[www.jubileeschool.in/data2/images/independence1911.jpg]
[www.jubileeschool.in/data2/images/independence1912.jpg]
[www.jubileeschool.in/data2/images/independence1913.jpg]
[www.jubileeschool.in/data2/images/independence1914.jpg]
[www.jubileeschool.in/data2/images/independence1915.jpg]
[www.jubileeschool.in/data2/images/independence1916.jpg]
[www.jubileeschool.in/data2/images/independence1917.jpg]
[www.jubileeschool.in/data2/images/independence1918.jpg]
[www.jubileeschool.in/data2/images/independence1919.jpg]
[www.jubileeschool.in/gallery_independence19.html]
[www.jubileeschool.in/data2/images/symphony1901.jpg]
[www.jubileeschool.in/data2/images/symphony1902.jpg]
[www.jubileeschool.in/data2/images/symphony1903.jpg]
[www.jubileeschool.in/data2/images/symphony1904.jpg]
[www.jubileeschool.in/data2/images/symphony1905.jpg]
[www.jubileeschool.in/data2/images/symphony1906.jpg]
[www.jubileeschool.in/data2/images/symphony1907.jpg]
[www.jubileeschool.in/data2/images/symphony1908.jpg]
[www.jubileeschool.in/data2/images/symphony1909.jpg]
[www.jubileeschool.in/data2/images/symphony1910.jpg]
[www.jubileeschool.in/gallery_symphony19.html]
[www.jubileeschool.in/data2/images/sangam1901.jpg]
[www.jubileeschool.in/data2/images/sangam1902.jpg]
[www.jubileeschool.in/data2/images/sangam1903.jpg]
[www.jubileeschool.in/data2/images/sangam1904.jpg]
[www.jubileeschool.in/data2/images/sangam1905.jpg]
[www.jubileeschool.in/data2/images/sangam1906.jpg]
[www.jubileeschool.in/data2/images/sangam1907.jpg]
[www.jubileeschool.in/data2/images/sangam1908.jpg]
[www.jubileeschool.in/data2/images/sangam1909.jpg]
[www.jubileeschool.in/data2/images/sangam1910.jpg]
[www.jubileeschool.in/data2/images/sangam1911.jpg]
[www.jubileeschool.in/data2/images/sangam1912.jpg]
[www.jubileeschool.in/data2/images/sangam1913.jpg]
[www.jubileeschool.in/data2/images/sangam1914.jpg]
[www.jubileeschool.in/data2/images/sangam1915.jpg]
[www.jubileeschool.in/data2/images/sangam1916.jpg]
[www.jubileeschool.in/data2/images/sangam1917.jpg]
[www.jubileeschool.in/gallery_sangam19.html]
[www.jubileeschool.in/data2/images/Tchrs_Day_1901.jpg]
[www.jubileeschool.in/data2/images/Tchrs_Day_1902.jpg]
[www.jubileeschool.in/data2/images/Tchrs_Day_1903.jpg]
[www.jubileeschool.in/data2/images/Tchrs_Day_1904.jpg]
[www.jubileeschool.in/data2/images/Tchrs_Day_1905.jpg]
[www.jubileeschool.in/data2/images/Tchrs_Day_1906.jpg]
[www.jubileeschool.in/data2/images/Tchrs_Day_1907.jpg]
[www.jubileeschool.in/data2/images/Tchrs_Day_1908.jpg]
[www.jubileeschool.in/data2/images/Tchrs_Day_1909.jpg]
[www.jubileeschool.in/data2/images/Tchrs_Day_1910.jpg]
[www.jubileeschool.in/data2/images/Tchrs_Day_1911.jpg]
[www.jubileeschool.in/data2/images/Tchrs_Day_1912.jpg]
[www.jubileeschool.in/gallery_teacher19.html]
[www.jubileeschool.in/data2/images/Hlth_Chkup_1901.jpg]
[www.jubileeschool.in/data2/images/Hlth_Chkup_1902.jpg]
[www.jubileeschool.in/data2/images/Hlth_Chkup_1903.jpg]
[www.jubileeschool.in/data2/images/Hlth_Chkup_1904.jpg]
[www.jubileeschool.in/data2/images/Hlth_Chkup_1905.jpg]
[www.jubileeschool.in/data2/images/Hlth_Chkup_1906.jpg]
[www.jubileeschool.in/data2/images/Hlth_Chkup_1907.jpg]
[www.jubileeschool.in/data2/images/Hlth_Chkup_1908.jpg]
[www.jubileeschool.in/data2/images/Hlth_Chkup_1909.jpg]
[www.jubileeschool.in/data2/images/Hlth_Chkup_1910.jpg]
[www.jubileeschool.in/data2/images/Hlth_Chkup_1911.jpg]
[www.jubileeschool.in/data2/images/Hlth_Chkup_1912.jpg]
[www.jubileeschool.in/data2/images/Hlth_Chkup_1913.jpg]
[www.jubileeschool.in/gallery_health19.html]
[www.jubileeschool.in/data2/images/Bapuji_Bday_1901.jpg]
[www.jubileeschool.in/data2/images/Bapuji_Bday_1902.jpg]
[www.jubileeschool.in/data2/images/Bapuji_Bday_1903.jpg]
[www.jubileeschool.in/data2/images/Bapuji_Bday_1904.jpg]
[www.jubileeschool.in/data2/images/Bapuji_Bday_1905.jpg]
[www.jubileeschool.in/data2/images/Bapuji_Bday_1906.jpg]
[www.jubileeschool.in/data2/images/Bapuji_Bday_1907.jpg]
[www.jubileeschool.in/data2/images/Bapuji_Bday_1908.jpg]
[www.jubileeschool.in/data2/images/Bapuji_Bday_1909.jpg]
[www.jubileeschool.in/data2/images/Bapuji_Bday_1910.jpg]
[www.jubileeschool.in/data2/images/Bapuji_Bday_1911.jpg]
[www.jubileeschool.in/data2/images/Bapuji_Bday_1912.jpg]
[www.jubileeschool.in/data2/images/Bapuji_Bday_1913.jpg]
[www.jubileeschool.in/data2/images/Bapuji_Bday_1914.jpg]
[www.jubileeschool.in/data2/images/Bapuji_Bday_1915.jpg]
[www.jubileeschool.in/data2/images/Bapuji_Bday_1916.jpg]
[www.jubileeschool.in/data2/images/Bapuji_Bday_1917.jpg]
[www.jubileeschool.in/data2/images/Bapuji_Bday_1918.jpg]
[www.jubileeschool.in/data2/images/Bapuji_Bday_1919.jpg]
[www.jubileeschool.in/data2/images/Bapuji_Bday_1920.jpg]
[www.jubileeschool.in/data2/images/Bapuji_Bday_1921.jpg]
[www.jubileeschool.in/data2/images/Bapuji_Bday_1922.jpg]
[www.jubileeschool.in/data2/images/Bapuji_Bday_1923.jpg]
[www.jubileeschool.in/data2/images/Bapuji_Bday_1924.jpg]
[www.jubileeschool.in/gallery_gandhi19.html]
[www.jubileeschool.in/data2/images/Trip_Farm_1901.jpg]
[www.jubileeschool.in/data2/images/Trip_Farm_1902.jpg]
[www.jubileeschool.in/data2/images/Trip_Farm_1903.jpg]
[www.jubileeschool.in/data2/images/Trip_Farm_1904.jpg]
[www.jubileeschool.in/data2/images/Trip_Farm_1905.jpg]
[www.jubileeschool.in/data2/images/Trip_Farm_1906.jpg]
[www.jubileeschool.in/data2/images/Trip_Farm_1907.jpg]
[www.jubileeschool.in/data2/images/Trip_Farm_1908.jpg]
[www.jubileeschool.in/data2/images/Trip_Farm_1909.jpg]
[www.jubileeschool.in/data2/images/Trip_Farm_1910.jpg]
[www.jubileeschool.in/data2/images/Trip_Farm_1911.jpg]
[www.jubileeschool.in/data2/images/Trip_Farm_1912.jpg]
[www.jubileeschool.in/data2/images/Trip_Farm_1913.jpg]
[www.jubileeschool.in/data2/images/Trip_Farm_1914.jpg]
[www.jubileeschool.in/data2/images/Trip_Farm_1915.jpg]
[www.jubileeschool.in/data2/images/Trip_Farm_1916.jpg]
[www.jubileeschool.in/data2/images/Trip_Farm_1917.jpg]
[www.jubileeschool.in/data2/images/Trip_Farm_1918.jpg]
[www.jubileeschool.in/data2/images/Trip_Farm_1919.jpg]
[www.jubileeschool.in/data2/images/Trip_Farm_1920.jpg]
[www.jubileeschool.in/data2/images/Trip_Farm_1921.jpg]
[www.jubileeschool.in/data2/images/Trip_Farm_1922.jpg]
[www.jubileeschool.in/data2/images/Trip_Farm_1923.jpg]
[www.jubileeschool.in/data2/images/Trip_Farm_1924.jpg]
[www.jubileeschool.in/data2/images/Trip_Farm_1925.jpg]
[www.jubileeschool.in/gallery_mgfarm19.html]
[www.jubileeschool.in/data2/images/Trip_Museum_1901.jpg]
[www.jubileeschool.in/data2/images/Trip_Museum_1902.jpg]
[www.jubileeschool.in/data2/images/Trip_Museum_1903.jpg]
[www.jubileeschool.in/data2/images/Trip_Museum_1904.jpg]
[www.jubileeschool.in/data2/images/Trip_Museum_1905.jpg]
[www.jubileeschool.in/data2/images/Trip_Museum_1906.jpg]
[www.jubileeschool.in/data2/images/Trip_Museum_1907.jpg]
[www.jubileeschool.in/data2/images/Trip_Museum_1908.jpg]
[www.jubileeschool.in/data2/images/Trip_Museum_1909.jpg]
[www.jubileeschool.in/data2/images/Trip_Museum_1910.jpg]
[www.jubileeschool.in/data2/images/Trip_Museum_1911.jpg]
[www.jubileeschool.in/data2/images/Trip_Museum_1912.jpg]
[www.jubileeschool.in/data2/images/Trip_Museum_1913.jpg]
[www.jubileeschool.in/data2/images/Trip_Museum_1914.jpg]
[www.jubileeschool.in/data2/images/Trip_Museum_1915.jpg]
[www.jubileeschool.in/data2/images/Trip_Museum_1916.jpg]
[www.jubileeschool.in/data2/images/Trip_Museum_1917.jpg]
[www.jubileeschool.in/data2/images/Trip_Museum_1918.jpg]
[www.jubileeschool.in/data2/images/Trip_Museum_1919.jpg]
[www.jubileeschool.in/data2/images/Trip_Museum_1920.jpg]
[www.jubileeschool.in/data2/images/Trip_Museum_1921.jpg]
[www.jubileeschool.in/data2/images/Trip_Museum_1922.jpg]
[www.jubileeschool.in/gallery_hal19.html]
[www.jubileeschool.in/data2/images/Pooja_1901.jpg]
[www.jubileeschool.in/data2/images/Pooja_1902.jpg]
[www.jubileeschool.in/data2/images/Pooja_1903.jpg]
[www.jubileeschool.in/data2/images/Pooja_1904.jpg]
[www.jubileeschool.in/data2/images/Pooja_1905.jpg]
[www.jubileeschool.in/data2/images/Pooja_1906.jpg]
[www.jubileeschool.in/data2/images/Pooja_1907.jpg]
[www.jubileeschool.in/data2/images/Pooja_1908.jpg]
[www.jubileeschool.in/data2/images/Pooja_1909.jpg]
[www.jubileeschool.in/gallery_pooja19.html]
[www.jubileeschool.in/data2/images/spllb_1901.jpg]
[www.jubileeschool.in/data2/images/spllb_1902.jpg]
[www.jubileeschool.in/data2/images/spllb_1903.jpg]
[www.jubileeschool.in/data2/images/spllb_1904.jpg]
[www.jubileeschool.in/data2/images/spllb_1905.jpg]
[www.jubileeschool.in/data2/images/spllb_1906.jpg]
[www.jubileeschool.in/data2/images/spllb_1907.jpg]
[www.jubileeschool.in/data2/images/spllb_1908.jpg]
[www.jubileeschool.in/data2/images/spllb_1909.jpg]
[www.jubileeschool.in/data2/images/spllb_1910.jpg]
[www.jubileeschool.in/gallery_spellbee19.html]
[www.jubileeschool.in/data2/images/rajyotsav1901.jpg]
[www.jubileeschool.in/data2/images/rajyotsav1902.jpg]
[www.jubileeschool.in/data2/images/rajyotsav1903.jpg]
[www.jubileeschool.in/data2/images/rajyotsav1904.jpg]
[www.jubileeschool.in/data2/images/rajyotsav1905.jpg]
[www.jubileeschool.in/data2/images/rajyotsav1906.jpg]
[www.jubileeschool.in/data2/images/rajyotsav1907.jpg]
[www.jubileeschool.in/data2/images/rajyotsav1908.jpg]
[www.jubileeschool.in/data2/images/rajyotsav1909.jpg]
[www.jubileeschool.in/data2/images/rajyotsav1910.jpg]
[www.jubileeschool.in/data2/images/rajyotsav1911.jpg]
[www.jubileeschool.in/data2/images/rajyotsav1912.jpg]
[www.jubileeschool.in/data2/images/rajyotsav1913.jpg]
[www.jubileeschool.in/data2/images/rajyotsav1914.jpg]
[www.jubileeschool.in/data2/images/rajyotsav1915.jpg]
[www.jubileeschool.in/data2/images/rajyotsav1916.jpg]
[www.jubileeschool.in/data2/images/rajyotsav1917.jpg]
[www.jubileeschool.in/data2/images/rajyotsav1918.jpg]
[www.jubileeschool.in/data2/images/rajyotsav1919.jpg]
[www.jubileeschool.in/data2/images/rajyotsav1920.jpg]
[www.jubileeschool.in/data2/images/rajyotsav1921.jpg]
[www.jubileeschool.in/gallery_rajyotsava19.html]
[www.jubileeschool.in/data2/images/actvty1901.jpg]
[www.jubileeschool.in/data2/images/actvty1902.jpg]
[www.jubileeschool.in/data2/images/actvty1903.jpg]
[www.jubileeschool.in/data2/images/actvty1904.jpg]
[www.jubileeschool.in/data2/images/actvty1905.jpg]
[www.jubileeschool.in/data2/images/actvty1906.jpg]
[www.jubileeschool.in/data2/images/actvty1907.jpg]
[www.jubileeschool.in/data2/images/actvty1908.jpg]
[www.jubileeschool.in/data2/images/actvty1909.jpg]
[www.jubileeschool.in/data2/images/actvty1910.jpg]
[www.jubileeschool.in/data2/images/actvty1911.jpg]
[www.jubileeschool.in/gallery_activity19.html]
[www.jubileeschool.in/data2/images/sprtsmeet1901.jpg]
[www.jubileeschool.in/data2/images/sprtsmeet1902.jpg]
[www.jubileeschool.in/data2/images/sprtsmeet1903.jpg]
[www.jubileeschool.in/data2/images/sprtsmeet1904.jpg]
[www.jubileeschool.in/data2/images/sprtsmeet1905.jpg]
[www.jubileeschool.in/data2/images/sprtsmeet1906.jpg]
[www.jubileeschool.in/data2/images/sprtsmeet1907.jpg]
[www.jubileeschool.in/data2/images/sprtsmeet1908.jpg]
[www.jubileeschool.in/data2/images/sprtsmeet1909.jpg]
[www.jubileeschool.in/data2/images/sprtsmeet1910.jpg]
[www.jubileeschool.in/data2/images/sprtsmeet1911.jpg]
[www.jubileeschool.in/data2/images/sprtsmeet1912.jpg]
[www.jubileeschool.in/data2/images/sprtsmeet1913.jpg]
[www.jubileeschool.in/data2/images/sprtsmeet1914.jpg]
[www.jubileeschool.in/data2/images/sprtsmeet1915.jpg]
[www.jubileeschool.in/data2/images/sprtsmeet1916.jpg]
[www.jubileeschool.in/data2/images/sprtsmeet1917.jpg]
[www.jubileeschool.in/data2/images/sprtsmeet1918.jpg]
[www.jubileeschool.in/data2/images/sprtsmeet1919.jpg]
[www.jubileeschool.in/data2/images/sprtsmeet1920.jpg]
[www.jubileeschool.in/data2/images/sprtsmeet1921.jpg]
[www.jubileeschool.in/data2/images/sprtsmeet1922.jpg]
[www.jubileeschool.in/data2/images/sprtsmeet1923.jpg]
[www.jubileeschool.in/data2/images/sprtsmeet1924.jpg]
[www.jubileeschool.in/data2/images/sprtsmeet1925.jpg]
[www.jubileeschool.in/data2/images/sprtsmeet1926.jpg]
[www.jubileeschool.in/data2/images/sprtsmeet1927.jpg]
[www.jubileeschool.in/data2/images/sprtsmeet1928.jpg]
[www.jubileeschool.in/data2/images/sprtsmeet1929.jpg]
[www.jubileeschool.in/data2/images/sprtsmeet1930.jpg]
[www.jubileeschool.in/data2/images/sprtsmeet1931.jpg]
[www.jubileeschool.in/data2/images/sprtsmeet1932.jpg]
[www.jubileeschool.in/data2/images/sprtsmeet1933.jpg]
[www.jubileeschool.in/data2/images/sprtsmeet1934.jpg]
[www.jubileeschool.in/data2/images/sprtsmeet1935.jpg]
[www.jubileeschool.in/data2/images/sprtsmeet1936.jpg]
[www.jubileeschool.in/data2/images/sprtsmeet1937.jpg]
[www.jubileeschool.in/data2/images/sprtsmeet1938.jpg]
[www.jubileeschool.in/data2/images/sprtsmeet1939.jpg]
[www.jubileeschool.in/gallery_sports19.html]
[www.jubileeschool.in/data2/images/prjct1901.jpg]
[www.jubileeschool.in/data2/images/prjct1902.jpg]
[www.jubileeschool.in/data2/images/prjct1903.jpg]
[www.jubileeschool.in/data2/images/prjct1904.jpg]
[www.jubileeschool.in/data2/images/prjct1905.jpg]
[www.jubileeschool.in/data2/images/prjct1906.jpg]
[www.jubileeschool.in/data2/images/prjct1907.jpg]
[www.jubileeschool.in/data2/images/prjct1908.jpg]
[www.jubileeschool.in/data2/images/prjct1909.jpg]
[www.jubileeschool.in/data2/images/prjct1910.jpg]
[www.jubileeschool.in/data2/images/prjct1911.jpg]
[www.jubileeschool.in/data2/images/prjct1912.jpg]
[www.jubileeschool.in/data2/images/prjct1913.jpg]
[www.jubileeschool.in/data2/images/prjct1914.jpg]
[www.jubileeschool.in/data2/images/prjct1915.jpg]
[www.jubileeschool.in/data2/images/prjct1916.jpg]
[www.jubileeschool.in/data2/images/prjct1917.jpg]
[www.jubileeschool.in/data2/images/prjct1918.jpg]
[www.jubileeschool.in/gallery_project19.html]
[www.jubileeschool.in/data2/images/kindrgrtn1901.jpg]
[www.jubileeschool.in/data2/images/kindrgrtn1902.jpg]
[www.jubileeschool.in/data2/images/kindrgrtn1903.jpg]
[www.jubileeschool.in/data2/images/kindrgrtn1904.jpg]
[www.jubileeschool.in/data2/images/kindrgrtn1905.jpg]
[www.jubileeschool.in/data2/images/kindrgrtn1906.jpg]
[www.jubileeschool.in/gallery_playlearn19.html]
[www.jubileeschool.in/data2/images/blossms1901.jpg]
[www.jubileeschool.in/data2/images/blossms1902.jpg]
[www.jubileeschool.in/data2/images/blossms1903.jpg]
[www.jubileeschool.in/data2/images/blossms1904.jpg]
[www.jubileeschool.in/data2/images/blossms1905.jpg]
[www.jubileeschool.in/data2/images/blossms1906.jpg]
[www.jubileeschool.in/data2/images/blossms1907.jpg]
[www.jubileeschool.in/data2/images/blossms1908.jpg]
[www.jubileeschool.in/data2/images/blossms1909.jpg]
[www.jubileeschool.in/data2/images/blossms1910.jpg]
[www.jubileeschool.in/data2/images/blossms1911.jpg]
[www.jubileeschool.in/data2/images/blossms1912.jpg]
[www.jubileeschool.in/data2/images/blossms1913.jpg]
[www.jubileeschool.in/data2/images/blossms1914.jpg]
[www.jubileeschool.in/data2/images/blossms1915.jpg]
[www.jubileeschool.in/data2/images/blossms1916.jpg]
[www.jubileeschool.in/data2/images/blossms1917.jpg]
[www.jubileeschool.in/data2/images/blossms1918.jpg]
[www.jubileeschool.in/data2/images/blossms1919.jpg]
[www.jubileeschool.in/data2/images/blossms1920.jpg]
[www.jubileeschool.in/data2/images/blossms1921.jpg]
[www.jubileeschool.in/data2/images/blossms1922.jpg]
[www.jubileeschool.in/data2/images/blossms1923.jpg]
[www.jubileeschool.in/data2/images/blossms1924.jpg]
[www.jubileeschool.in/data2/images/blossms1925.jpg]
[www.jubileeschool.in/data2/images/blossms1926.jpg]
[www.jubileeschool.in/data2/images/blossms1927.jpg]
[www.jubileeschool.in/data2/images/blossms1928.jpg]
[www.jubileeschool.in/data2/images/blossms1929.jpg]
[www.jubileeschool.in/data2/images/blossms1930.jpg]
[www.jubileeschool.in/data2/images/blossms1931.jpg]
[www.jubileeschool.in/data2/images/blossms1932.jpg]
[www.jubileeschool.in/data2/images/blossms1933.jpg]
[www.jubileeschool.in/data2/images/blossms1934.jpg]
[www.jubileeschool.in/data2/images/blossms1935.jpg]
[www.jubileeschool.in/data2/images/blossms1936.jpg]
[www.jubileeschool.in/data2/images/blossms1937.jpg]
[www.jubileeschool.in/data2/images/blossms1938.jpg]
[www.jubileeschool.in/data2/images/blossms1939.jpg]
[www.jubileeschool.in/data2/images/blossms1940.jpg]
[www.jubileeschool.in/data2/images/blossms1941.jpg]
[www.jubileeschool.in/gallery_childrensday19.html]
[www.jubileeschool.in/data2/images/harmony1901.jpg]
[www.jubileeschool.in/data2/images/harmony1902.jpg]
[www.jubileeschool.in/data2/images/harmony1903.jpg]
[www.jubileeschool.in/data2/images/harmony1904.jpg]
[www.jubileeschool.in/data2/images/harmony1905.jpg]
[www.jubileeschool.in/data2/images/harmony1906.jpg]
[www.jubileeschool.in/data2/images/harmony1907.jpg]
[www.jubileeschool.in/data2/images/harmony1908.jpg]
[www.jubileeschool.in/data2/images/harmony1909.jpg]
[www.jubileeschool.in/data2/images/harmony1910.jpg]
[www.jubileeschool.in/data2/images/harmony1911.jpg]
[www.jubileeschool.in/data2/images/harmony1912.jpg]
[www.jubileeschool.in/data2/images/harmony1913.jpg]
[www.jubileeschool.in/data2/images/harmony1914.jpg]
[www.jubileeschool.in/data2/images/harmony1915.jpg]
[www.jubileeschool.in/data2/images/harmony1916.jpg]
[www.jubileeschool.in/data2/images/harmony1917.jpg]
[www.jubileeschool.in/data2/images/harmony1918.jpg]
[www.jubileeschool.in/data2/images/harmony1919.jpg]
[www.jubileeschool.in/data2/images/harmony1920.jpg]
[www.jubileeschool.in/data2/images/harmony1921.jpg]
[www.jubileeschool.in/data2/images/harmony1922.jpg]
[www.jubileeschool.in/data2/images/harmony1923.jpg]
[www.jubileeschool.in/data2/images/harmony1924.jpg]
[www.jubileeschool.in/gallery_annual19201.html]
[www.jubileeschool.in/data2/images/harmony1931.jpg]
[www.jubileeschool.in/data2/images/harmony1932.jpg]
[www.jubileeschool.in/data2/images/harmony1933.jpg]
[www.jubileeschool.in/data2/images/harmony1934.jpg]
[www.jubileeschool.in/data2/images/harmony1935.jpg]
[www.jubileeschool.in/data2/images/harmony1936.jpg]
[www.jubileeschool.in/data2/images/harmony1937.jpg]
[www.jubileeschool.in/data2/images/harmony1938.jpg]
[www.jubileeschool.in/data2/images/harmony1939.jpg]
[www.jubileeschool.in/data2/images/harmony1940.jpg]
[www.jubileeschool.in/data2/images/harmony1941.jpg]
[www.jubileeschool.in/data2/images/harmony1942.jpg]
[www.jubileeschool.in/data2/images/harmony1943.jpg]
[www.jubileeschool.in/data2/images/harmony1944.jpg]
[www.jubileeschool.in/data2/images/harmony1945.jpg]
[www.jubileeschool.in/data2/images/harmony1946.jpg]
[www.jubileeschool.in/data2/images/harmony1947.jpg]
[www.jubileeschool.in/data2/images/harmony1948.jpg]
[www.jubileeschool.in/data2/images/harmony1949.jpg]
[www.jubileeschool.in/data2/images/harmony1950.jpg]
[www.jubileeschool.in/data2/images/harmony1951.jpg]
[www.jubileeschool.in/data2/images/harmony1952.jpg]
[www.jubileeschool.in/data2/images/harmony1953.jpg]
[www.jubileeschool.in/data2/images/harmony1954.jpg]
[www.jubileeschool.in/data2/images/harmony1955.jpg]
[www.jubileeschool.in/data2/images/harmony1956.jpg]
[www.jubileeschool.in/data2/images/harmony1957.jpg]
[www.jubileeschool.in/data2/images/harmony1958.jpg]
[www.jubileeschool.in/data2/images/harmony1959.jpg]
[www.jubileeschool.in/data2/images/harmony1960.jpg]
[www.jubileeschool.in/data2/images/harmony1961.jpg]
[www.jubileeschool.in/gallery_annual19202.html]
[www.jubileeschool.in/data2/images/thanks1901.jpg]
[www.jubileeschool.in/data2/images/thanks1902.jpg]
[www.jubileeschool.in/data2/images/thanks1903.jpg]
[www.jubileeschool.in/data2/images/thanks1904.jpg]
[www.jubileeschool.in/data2/images/thanks1905.jpg]
[www.jubileeschool.in/data2/images/thanks1906.jpg]
[www.jubileeschool.in/data2/images/thanks1907.jpg]
[www.jubileeschool.in/data2/images/thanks1908.jpg]
[www.jubileeschool.in/data2/images/thanks1909.jpg]
[www.jubileeschool.in/data2/images/thanks1910.jpg]
[www.jubileeschool.in/data2/images/thanks1911.jpg]
[www.jubileeschool.in/gallery_thanks19.html]
[www.jubileeschool.in/data2/images/kuvempu1901.jpg]
[www.jubileeschool.in/data2/images/kuvempu1902.jpg]
[www.jubileeschool.in/data2/images/kuvempu1903.jpg]
[www.jubileeschool.in/data2/images/kuvempu1904.jpg]
[www.jubileeschool.in/data2/images/kuvempu1905.jpg]
[www.jubileeschool.in/data2/images/kuvempu1906.jpg]
[www.jubileeschool.in/data2/images/kuvempu1907.jpg]
[www.jubileeschool.in/data2/images/kuvempu1908.jpg]
[www.jubileeschool.in/data2/images/kuvempu1909.jpg]
[www.jubileeschool.in/gallery_kuvempu19.html]
[www.jubileeschool.in/data2/images/graduation2001.jpg]
[www.jubileeschool.in/data2/images/graduation2002.jpg]
[www.jubileeschool.in/data2/images/graduation2003.jpg]
[www.jubileeschool.in/data2/images/graduation2004.jpg]
[www.jubileeschool.in/data2/images/graduation2005.jpg]
[www.jubileeschool.in/data2/images/graduation2006.jpg]
[www.jubileeschool.in/data2/images/graduation2007.jpg]
[www.jubileeschool.in/data2/images/graduation2008.jpg]
[www.jubileeschool.in/data2/images/graduation2009.jpg]
[www.jubileeschool.in/data2/images/graduation2010.jpg]
[www.jubileeschool.in/data2/images/graduation2011.jpg]
[www.jubileeschool.in/data2/images/graduation2012.jpg]
[www.jubileeschool.in/data2/images/graduation2013.jpg]
[www.jubileeschool.in/data2/images/graduation2014.jpg]
[www.jubileeschool.in/data2/images/graduation2015.jpg]
[www.jubileeschool.in/data2/images/graduation2016.jpg]
[www.jubileeschool.in/data2/images/graduation2017.jpg]
[www.jubileeschool.in/data2/images/graduation2018.jpg]
[www.jubileeschool.in/data2/images/graduation2019.jpg]
[www.jubileeschool.in/data2/images/graduation2020.jpg]
[www.jubileeschool.in/data2/images/graduation2021.jpg]
[www.jubileeschool.in/data2/images/graduation2022.jpg]
[www.jubileeschool.in/data2/images/graduation2023.jpg]
[www.jubileeschool.in/data2/images/graduation2024.jpg]
[www.jubileeschool.in/data2/images/graduation2025.jpg]
[www.jubileeschool.in/data2/images/graduation2026.jpg]
[www.jubileeschool.in/data2/images/graduation2027.jpg]
[www.jubileeschool.in/gallery_graduation20.html]
[www.jubileeschool.in/gallery_reopening18.html]
[www.jubileeschool.in/gallery/reopening18.jpg]
[www.jubileeschool.in/gallery_felicitation18.html]
[www.jubileeschool.in/gallery/felicitation18.jpg]
[www.jubileeschool.in/gallery_orientation18.html]
[www.jubileeschool.in/gallery/orientation18.jpg]
[www.jubileeschool.in/gallery_environment18.html]
[www.jubileeschool.in/gallery/environment18.jpg]
[www.jubileeschool.in/gallery_nature18.html]
[www.jubileeschool.in/gallery/nature18.jpg]
[www.jubileeschool.in/gallery_questinaug18.html]
[www.jubileeschool.in/gallery/questinauguration18.jpg]
[www.jubileeschool.in/gallery_questmath18.html]
[www.jubileeschool.in/gallery/questmath18.jpg]
[www.jubileeschool.in/gallery_questscience18.html]
[www.jubileeschool.in/gallery/questscience18.jpg]
[www.jubileeschool.in/gallery_questsocial18.html]
[www.jubileeschool.in/gallery/questsocial18.jpg]
[www.jubileeschool.in/gallery_yoga18.html]
[www.jubileeschool.in/gallery/yoga18.jpg]
[www.jubileeschool.in/gallery_honey18.html]
[www.jubileeschool.in/gallery/honey18.jpg]
[www.jubileeschool.in/gallery_primary18.html]
[www.jubileeschool.in/gallery/primary18.jpg]
[www.jubileeschool.in/gallery_sendoff18.html]
[www.jubileeschool.in/gallery/sendoff18.jpg]
[www.jubileeschool.in/gallery_parents18.html]
[www.jubileeschool.in/gallery/parents18.jpg]
[www.jubileeschool.in/gallery_independence18.html]
[www.jubileeschool.in/gallery/independence18.jpg]
[www.jubileeschool.in/gallery_teacher18.html]
[www.jubileeschool.in/gallery/teacher18.jpg]
[www.jubileeschool.in/gallery_gandhi18.html]
[www.jubileeschool.in/gallery/gandhi18.jpg]
[www.jubileeschool.in/gallery_solar18.html]
[www.jubileeschool.in/gallery/solar18.jpg]
[www.jubileeschool.in/gallery_nutrition18.html]
[www.jubileeschool.in/gallery/nutrition18.jpg]
[www.jubileeschool.in/gallery_fieldtrip1812.html]
[www.jubileeschool.in/gallery/fieldtrip1812.jpg]
[www.jubileeschool.in/gallery_fieldtrip1834.html]
[www.jubileeschool.in/gallery/fieldtrip1834.jpg]
[www.jubileeschool.in/gallery_sports18.html]
[www.jubileeschool.in/gallery/sports18.jpg]
[www.jubileeschool.in/gallery_child18.html]
[www.jubileeschool.in/gallery/child18.jpg]
[www.jubileeschool.in/gallery_republic19.html]
[www.jubileeschool.in/gallery/republic19.jpg]
[www.jubileeschool.in/gallery_fieldtrip187.html]
[www.jubileeschool.in/gallery/fieldtrip187.jpg]
[www.jubileeschool.in/gallery_fieldtrip189.html]
[www.jubileeschool.in/gallery/fieldtrip189.jpg]
[www.jubileeschool.in/gallery_fieldtrip1810.html]
[www.jubileeschool.in/gallery/fieldtrip1810.jpg]
[www.jubileeschool.in/gallery_annual18191.html]
[www.jubileeschool.in/gallery/harmony181.jpg]
[www.jubileeschool.in/gallery_annual18192.html]
[www.jubileeschool.in/gallery/harmony182.jpg]
[www.jubileeschool.in/gallery_graduation19.html]
[www.jubileeschool.in/gallery/graduation19.jpg]
[www.jubileeschool.in/gallery1819.html]
[www.jubileeschool.in/engine2/bullet.png]
[www.jubileeschool.in/engine2/arrows.png]
[www.jubileeschool.in/engine2/pause.png]
[www.jubileeschool.in/engine2/play.png]
[www.jubileeschool.in/engine2/bg.png]
[www.jubileeschool.in/engine2/engine1/bg.336.delayed]
[www.jubileeschool.in/engine2/triangle.png]
[www.jubileeschool.in/engine2/style.css]
[www.jubileeschool.in/data2/images/fest1911.html]
[www.jubileeschool.in/data2/images/doctor1910.html]
[www.jubileeschool.in/gallery_reopening18.html]
[www.jubileeschool.in/data2/images/felicitation1801.jpg]
[www.jubileeschool.in/data2/images/felicitation1802.jpg]
[www.jubileeschool.in/data2/images/felicitation1803.jpg]
[www.jubileeschool.in/data2/images/felicitation1804.jpg]
[www.jubileeschool.in/data2/images/felicitation1805.jpg]
[www.jubileeschool.in/data2/images/felicitation1806.jpg]
[www.jubileeschool.in/data2/images/felicitation1807.jpg]
[www.jubileeschool.in/data2/images/felicitation1808.jpg]
[www.jubileeschool.in/data2/images/felicitation1809.jpg]
[www.jubileeschool.in/data2/images/felicitation1810.jpg]
[www.jubileeschool.in/data2/images/felicitation1811.jpg]
[www.jubileeschool.in/data2/images/felicitation1812.jpg]
[www.jubileeschool.in/data2/images/felicitation1813.jpg]
[www.jubileeschool.in/data2/images/felicitation1814.jpg]
[www.jubileeschool.in/data2/images/felicitation1815.jpg]
[www.jubileeschool.in/data2/images/felicitation1816.jpg]
[www.jubileeschool.in/data2/images/felicitation1817.jpg]
[www.jubileeschool.in/data2/images/felicitation1818.jpg]
[www.jubileeschool.in/data2/images/felicitation1819.jpg]
[www.jubileeschool.in/data2/images/felicitation1820.jpg]
[www.jubileeschool.in/gallery_felicitation18.html]
[www.jubileeschool.in/data2/images/orientation1801.jpg]
[www.jubileeschool.in/data2/images/orientation1802.jpg]
[www.jubileeschool.in/data2/images/orientation1803.jpg]
[www.jubileeschool.in/data2/images/orientation1804.jpg]
[www.jubileeschool.in/data2/images/orientation1805.jpg]
[www.jubileeschool.in/gallery_orientation18.html]
[www.jubileeschool.in/data2/images/environment1801.jpg]
[www.jubileeschool.in/data2/images/environment1802.jpg]
[www.jubileeschool.in/data2/images/environment1803.jpg]
[www.jubileeschool.in/data2/images/environment1804.jpg]
[www.jubileeschool.in/data2/images/environment1805.jpg]
[www.jubileeschool.in/data2/images/environment1806.jpg]
[www.jubileeschool.in/data2/images/environment1807.jpg]
[www.jubileeschool.in/data2/images/environment1808.jpg]
[www.jubileeschool.in/data2/images/environment1809.jpg]
[www.jubileeschool.in/data2/images/environment1810.jpg]
[www.jubileeschool.in/data2/images/environment1811.jpg]
[www.jubileeschool.in/data2/images/environment1812.jpg]
[www.jubileeschool.in/data2/images/environment1813.jpg]
[www.jubileeschool.in/data2/images/environment1814.jpg]
[www.jubileeschool.in/data2/images/environment1815.jpg]
[www.jubileeschool.in/data2/images/environment1816.jpg]
[www.jubileeschool.in/data2/images/environment1817.jpg]
[www.jubileeschool.in/data2/images/environment1818.jpg]
[www.jubileeschool.in/data2/images/environment1819.jpg]
[www.jubileeschool.in/data2/images/environment1820.jpg]
[www.jubileeschool.in/data2/images/environment1821.jpg]
[www.jubileeschool.in/gallery_environment18.html]
[www.jubileeschool.in/data2/images/naturewalk1801.jpg]
[www.jubileeschool.in/data2/images/naturewalk1802.jpg]
[www.jubileeschool.in/data2/images/naturewalk1803.jpg]
[www.jubileeschool.in/data2/images/naturewalk1804.jpg]
[www.jubileeschool.in/data2/images/naturewalk1805.jpg]
[www.jubileeschool.in/data2/images/naturewalk1806.jpg]
[www.jubileeschool.in/data2/images/naturewalk1807.jpg]
[www.jubileeschool.in/data2/images/naturewalk1808.jpg]
[www.jubileeschool.in/data2/images/naturewalk1809.jpg]
[www.jubileeschool.in/data2/images/naturewalk1810.jpg]
[www.jubileeschool.in/data2/images/naturewalk1811.jpg]
[www.jubileeschool.in/data2/images/naturewalk1812.jpg]
[www.jubileeschool.in/data2/images/naturewalk1813.jpg]
[www.jubileeschool.in/data2/images/naturewalk1814.jpg]
[www.jubileeschool.in/data2/images/naturewalk1815.jpg]
[www.jubileeschool.in/data2/images/naturewalk1816.jpg]
[www.jubileeschool.in/data2/images/naturewalk1817.jpg]
[www.jubileeschool.in/data2/images/naturewalk1818.jpg]
[www.jubileeschool.in/data2/images/naturewalk1819.jpg]
[www.jubileeschool.in/data2/images/naturewalk1820.jpg]
[www.jubileeschool.in/data2/images/naturewalk1821.jpg]
[www.jubileeschool.in/data2/images/naturewalk1822.jpg]
[www.jubileeschool.in/data2/images/naturewalk1823.jpg]
[www.jubileeschool.in/data2/images/naturewalk1824.jpg]
[www.jubileeschool.in/data2/images/naturewalk1825.jpg]
[www.jubileeschool.in/data2/images/naturewalk1826.jpg]
[www.jubileeschool.in/data2/images/naturewalk1827.jpg]
[www.jubileeschool.in/data2/images/naturewalk1828.jpg]
[www.jubileeschool.in/data2/images/naturewalk1829.jpg]
[www.jubileeschool.in/data2/images/naturewalk1830.jpg]
[www.jubileeschool.in/gallery_nature18.html]
[www.jubileeschool.in/data2/images/questinaug1801.jpg]
[www.jubileeschool.in/data2/images/questinaug1802.jpg]
[www.jubileeschool.in/data2/images/questinaug1803.jpg]
[www.jubileeschool.in/data2/images/questinaug1804.jpg]
[www.jubileeschool.in/data2/images/questinaug1805.jpg]
[www.jubileeschool.in/data2/images/questinaug1806.jpg]
[www.jubileeschool.in/data2/images/questinaug1807.jpg]
[www.jubileeschool.in/data2/images/questinaug1808.jpg]
[www.jubileeschool.in/data2/images/questinaug1809.jpg]
[www.jubileeschool.in/data2/images/questinaug1810.jpg]
[www.jubileeschool.in/data2/images/questinaug1811.jpg]
[www.jubileeschool.in/data2/images/questinaug1812.jpg]
[www.jubileeschool.in/data2/images/questinaug1813.jpg]
[www.jubileeschool.in/data2/images/questinaug1814.jpg]
[www.jubileeschool.in/gallery_questinaug18.html]
[www.jubileeschool.in/data2/images/questmath1801.jpg]
[www.jubileeschool.in/data2/images/questmath1802.jpg]
[www.jubileeschool.in/data2/images/questmath1803.jpg]
[www.jubileeschool.in/data2/images/questmath1804.jpg]
[www.jubileeschool.in/data2/images/questmath1805.jpg]
[www.jubileeschool.in/data2/images/questmath1806.jpg]
[www.jubileeschool.in/data2/images/questmath1807.jpg]
[www.jubileeschool.in/data2/images/questmath1808.jpg]
[www.jubileeschool.in/data2/images/questmath1809.jpg]
[www.jubileeschool.in/data2/images/questmath1810.jpg]
[www.jubileeschool.in/data2/images/questmath1811.jpg]
[www.jubileeschool.in/data2/images/questmath1812.jpg]
[www.jubileeschool.in/data2/images/questmath1813.jpg]
[www.jubileeschool.in/data2/images/questmath1814.jpg]
[www.jubileeschool.in/data2/images/questmath1815.jpg]
[www.jubileeschool.in/data2/images/questmath1816.jpg]
[www.jubileeschool.in/data2/images/questmath1817.jpg]
[www.jubileeschool.in/data2/images/questmath1818.jpg]
[www.jubileeschool.in/data2/images/questmath1819.jpg]
[www.jubileeschool.in/gallery_questmath18.html]
[www.jubileeschool.in/data2/images/questscience1801.jpg]
[www.jubileeschool.in/data2/images/questscience1802.jpg]
[www.jubileeschool.in/data2/images/questscience1803.jpg]
[www.jubileeschool.in/data2/images/questscience1804.jpg]
[www.jubileeschool.in/data2/images/questscience1805.jpg]
[www.jubileeschool.in/data2/images/questscience1806.jpg]
[www.jubileeschool.in/data2/images/questscience1807.jpg]
[www.jubileeschool.in/data2/images/questscience1808.jpg]
[www.jubileeschool.in/data2/images/questscience1809.jpg]
[www.jubileeschool.in/data2/images/questscience1810.jpg]
[www.jubileeschool.in/gallery_questscience18.html]
[www.jubileeschool.in/data2/images/questsocial1801.jpg]
[www.jubileeschool.in/data2/images/questsocial1802.jpg]
[www.jubileeschool.in/data2/images/questsocial1803.jpg]
[www.jubileeschool.in/data2/images/questsocial1804.jpg]
[www.jubileeschool.in/data2/images/questsocial1805.jpg]
[www.jubileeschool.in/data2/images/questsocial1806.jpg]
[www.jubileeschool.in/data2/images/questsocial1807.jpg]
[www.jubileeschool.in/data2/images/questsocial1808.jpg]
[www.jubileeschool.in/data2/images/questsocial1809.jpg]
[www.jubileeschool.in/data2/images/questsocial1810.jpg]
[www.jubileeschool.in/data2/images/questsocial1811.jpg]
[www.jubileeschool.in/data2/images/questsocial1812.jpg]
[www.jubileeschool.in/data2/images/questsocial1813.jpg]
[www.jubileeschool.in/data2/images/questsocial1814.jpg]
[www.jubileeschool.in/data2/images/questsocial1815.jpg]
[www.jubileeschool.in/data2/images/questsocial1816.jpg]
[www.jubileeschool.in/data2/images/questsocial1817.jpg]
[www.jubileeschool.in/data2/images/questsocial1818.jpg]
[www.jubileeschool.in/data2/images/questsocial1819.jpg]
[www.jubileeschool.in/data2/images/questsocial1820.jpg]
[www.jubileeschool.in/data2/images/questsocial1821.jpg]
[www.jubileeschool.in/data2/images/questsocial1822.jpg]
[www.jubileeschool.in/data2/images/questsocial1823.jpg]
[www.jubileeschool.in/data2/images/questsocial1824.jpg]
[www.jubileeschool.in/data2/images/questsocial1825.jpg]
[www.jubileeschool.in/data2/images/questsocial1826.jpg]
[www.jubileeschool.in/data2/images/questsocial1827.jpg]
[www.jubileeschool.in/data2/images/questsocial1828.jpg]
[www.jubileeschool.in/data2/images/questsocial1829.jpg]
[www.jubileeschool.in/data2/images/questsocial1830.jpg]
[www.jubileeschool.in/data2/images/questsocial1831.jpg]
[www.jubileeschool.in/data2/images/questsocial1832.jpg]
[www.jubileeschool.in/data2/images/questsocial1833.jpg]
[www.jubileeschool.in/data2/images/questsocial1834.jpg]
[www.jubileeschool.in/data2/images/questsocial1835.jpg]
[www.jubileeschool.in/data2/images/questsocial1836.jpg]
[www.jubileeschool.in/data2/images/questsocial1837.jpg]
[www.jubileeschool.in/gallery_questsocial18.html]
[www.jubileeschool.in/data2/images/yoga1801.jpg]
[www.jubileeschool.in/data2/images/yoga1802.jpg]
[www.jubileeschool.in/data2/images/yoga1803.jpg]
[www.jubileeschool.in/data2/images/yoga1804.jpg]
[www.jubileeschool.in/data2/images/yoga1805.jpg]
[www.jubileeschool.in/data2/images/yoga1806.jpg]
[www.jubileeschool.in/data2/images/yoga1807.jpg]
[www.jubileeschool.in/data2/images/yoga1808.jpg]
[www.jubileeschool.in/data2/images/yoga1809.jpg]
[www.jubileeschool.in/gallery_yoga18.html]
[www.jubileeschool.in/data2/images/honey1801.jpg]
[www.jubileeschool.in/data2/images/honey1802.jpg]
[www.jubileeschool.in/data2/images/honey1803.jpg]
[www.jubileeschool.in/data2/images/honey1804.jpg]
[www.jubileeschool.in/data2/images/honey1805.jpg]
[www.jubileeschool.in/data2/images/honey1806.jpg]
[www.jubileeschool.in/data2/images/honey1807.jpg]
[www.jubileeschool.in/gallery_honey18.html]
[www.jubileeschool.in/data2/images/primaryactivity1801.jpg]
[www.jubileeschool.in/data2/images/primaryactivity1802.jpg]
[www.jubileeschool.in/data2/images/primaryactivity1803.jpg]
[www.jubileeschool.in/data2/images/primaryactivity1804.jpg]
[www.jubileeschool.in/data2/images/primaryactivity1805.jpg]
[www.jubileeschool.in/data2/images/primaryactivity1806.jpg]
[www.jubileeschool.in/data2/images/primaryactivity1807.jpg]
[www.jubileeschool.in/data2/images/primaryactivity1808.jpg]
[www.jubileeschool.in/data2/images/primaryactivity1809.jpg]
[www.jubileeschool.in/data2/images/primaryactivity1810.jpg]
[www.jubileeschool.in/data2/images/primaryactivity1811.jpg]
[www.jubileeschool.in/data2/images/primaryactivity1812.jpg]
[www.jubileeschool.in/data2/images/primaryactivity1813.jpg]
[www.jubileeschool.in/data2/images/primaryactivity1814.jpg]
[www.jubileeschool.in/gallery_primary18.html]
[www.jubileeschool.in/data2/images/sendoff1801.jpg]
[www.jubileeschool.in/data2/images/sendoff1802.jpg]
[www.jubileeschool.in/data2/images/sendoff1803.jpg]
[www.jubileeschool.in/data2/images/sendoff1804.jpg]
[www.jubileeschool.in/data2/images/sendoff1805.jpg]
[www.jubileeschool.in/data2/images/sendoff1806.jpg]
[www.jubileeschool.in/data2/images/sendoff1807.jpg]
[www.jubileeschool.in/data2/images/sendoff1808.jpg]
[www.jubileeschool.in/data2/images/sendoff1809.jpg]
[www.jubileeschool.in/data2/images/sendoff1810.jpg]
[www.jubileeschool.in/data2/images/sendoff1811.jpg]
[www.jubileeschool.in/data2/images/sendoff1812.jpg]
[www.jubileeschool.in/data2/images/sendoff1813.jpg]
[www.jubileeschool.in/data2/images/sendoff1814.jpg]
[www.jubileeschool.in/gallery_sendoff18.html]
[www.jubileeschool.in/data2/images/parentsmeeting1801.jpg]
[www.jubileeschool.in/data2/images/parentsmeeting1802.jpg]
[www.jubileeschool.in/data2/images/parentsmeeting1803.jpg]
[www.jubileeschool.in/data2/images/parentsmeeting1804.jpg]
[www.jubileeschool.in/data2/images/parentsmeeting1805.jpg]
[www.jubileeschool.in/data2/images/parentsmeeting1806.jpg]
[www.jubileeschool.in/data2/images/parentsmeeting1807.jpg]
[www.jubileeschool.in/data2/images/parentsmeeting1808.jpg]
[www.jubileeschool.in/data2/images/parentsmeeting1809.jpg]
[www.jubileeschool.in/data2/images/parentsmeeting1810.jpg]
[www.jubileeschool.in/data2/images/parentsmeeting1811.jpg]
[www.jubileeschool.in/data2/images/parentsmeeting1812.jpg]
[www.jubileeschool.in/data2/images/parentsmeeting1813.jpg]
[www.jubileeschool.in/data2/images/parentsmeeting1814.jpg]
[www.jubileeschool.in/data2/images/parentsmeeting1815.jpg]
[www.jubileeschool.in/data2/images/parentsmeeting1816.jpg]
[www.jubileeschool.in/data2/images/parentsmeeting1817.jpg]
[www.jubileeschool.in/data2/images/parentsmeeting1818.jpg]
[www.jubileeschool.in/data2/images/parentsmeeting1819.jpg]
[www.jubileeschool.in/data2/images/parentsmeeting1820.jpg]
[www.jubileeschool.in/gallery_parents18.html]
[www.jubileeschool.in/data2/images/independence1801.jpg]
[www.jubileeschool.in/data2/images/independence1802.jpg]
[www.jubileeschool.in/data2/images/independence1803.jpg]
[www.jubileeschool.in/data2/images/independence1804.jpg]
[www.jubileeschool.in/data2/images/independence1805.jpg]
[www.jubileeschool.in/data2/images/independence1806.jpg]
[www.jubileeschool.in/data2/images/independence1807.jpg]
[www.jubileeschool.in/data2/images/independence1808.jpg]
[www.jubileeschool.in/data2/images/independence1809.jpg]
[www.jubileeschool.in/data2/images/independence1810.jpg]
[www.jubileeschool.in/data2/images/independence1811.jpg]
[www.jubileeschool.in/data2/images/independence1812.jpg]
[www.jubileeschool.in/data2/images/independence1813.jpg]
[www.jubileeschool.in/data2/images/independence1814.jpg]
[www.jubileeschool.in/data2/images/independence1815.jpg]
[www.jubileeschool.in/data2/images/independence1816.jpg]
[www.jubileeschool.in/data2/images/independence1817.jpg]
[www.jubileeschool.in/data2/images/independence1818.jpg]
[www.jubileeschool.in/data2/images/independence1819.jpg]
[www.jubileeschool.in/data2/images/independence1820.jpg]
[www.jubileeschool.in/data2/images/independence1821.jpg]
[www.jubileeschool.in/data2/images/independence1822.jpg]
[www.jubileeschool.in/data2/images/independence1823.jpg]
[www.jubileeschool.in/data2/images/independence1824.jpg]
[www.jubileeschool.in/data2/images/independence1825.jpg]
[www.jubileeschool.in/data2/images/independence1826.jpg]
[www.jubileeschool.in/data2/images/independence1827.jpg]
[www.jubileeschool.in/data2/images/independence1828.jpg]
[www.jubileeschool.in/data2/images/independence1829.jpg]
[www.jubileeschool.in/data2/images/independence1830.jpg]
[www.jubileeschool.in/data2/images/independence1831.jpg]
[www.jubileeschool.in/data2/images/independence1832.jpg]
[www.jubileeschool.in/gallery_independence18.html]
[www.jubileeschool.in/data2/images/teachersday1801.jpg]
[www.jubileeschool.in/data2/images/teachersday1802.jpg]
[www.jubileeschool.in/data2/images/teachersday1803.jpg]
[www.jubileeschool.in/data2/images/teachersday1804.jpg]
[www.jubileeschool.in/data2/images/teachersday1805.jpg]
[www.jubileeschool.in/data2/images/teachersday1806.jpg]
[www.jubileeschool.in/data2/images/teachersday1807.jpg]
[www.jubileeschool.in/data2/images/teachersday1808.jpg]
[www.jubileeschool.in/data2/images/teachersday1809.jpg]
[www.jubileeschool.in/data2/images/teachersday1810.jpg]
[www.jubileeschool.in/data2/images/teachersday1811.jpg]
[www.jubileeschool.in/data2/images/teachersday1812.jpg]
[www.jubileeschool.in/data2/images/teachersday1813.jpg]
[www.jubileeschool.in/data2/images/teachersday1814.jpg]
[www.jubileeschool.in/data2/images/teachersday1815.jpg]
[www.jubileeschool.in/data2/images/teachersday1816.jpg]
[www.jubileeschool.in/data2/images/teachersday1817.jpg]
[www.jubileeschool.in/data2/images/teachersday1818.jpg]
[www.jubileeschool.in/data2/images/teachersday1819.jpg]
[www.jubileeschool.in/data2/images/teachersday1820.jpg]
[www.jubileeschool.in/data2/images/teachersday1821.jpg]
[www.jubileeschool.in/data2/images/teachersday1822.jpg]
[www.jubileeschool.in/data2/images/teachersday1823.jpg]
[www.jubileeschool.in/gallery_teacher18.html]
[www.jubileeschool.in/data2/images/gandhi1801.jpg]
[www.jubileeschool.in/data2/images/gandhi1802.jpg]
[www.jubileeschool.in/data2/images/gandhi1803.jpg]
[www.jubileeschool.in/data2/images/gandhi1804.jpg]
[www.jubileeschool.in/data2/images/gandhi1805.jpg]
[www.jubileeschool.in/data2/images/gandhi1806.jpg]
[www.jubileeschool.in/data2/images/gandhi1807.jpg]
[www.jubileeschool.in/data2/images/gandhi1808.jpg]
[www.jubileeschool.in/data2/images/gandhi1809.jpg]
[www.jubileeschool.in/data2/images/gandhi1810.jpg]
[www.jubileeschool.in/data2/images/gandhi1811.jpg]
[www.jubileeschool.in/data2/images/gandhi1812.jpg]
[www.jubileeschool.in/data2/images/gandhi1813.jpg]
[www.jubileeschool.in/data2/images/gandhi1814.jpg]
[www.jubileeschool.in/data2/images/gandhi1815.jpg]
[www.jubileeschool.in/data2/images/gandhi1816.jpg]
[www.jubileeschool.in/data2/images/gandhi1817.jpg]
[www.jubileeschool.in/gallery_gandhi18.html]
[www.jubileeschool.in/data2/images/solarpower1801.jpg]
[www.jubileeschool.in/data2/images/solarpower1802.jpg]
[www.jubileeschool.in/data2/images/solarpower1803.jpg]
[www.jubileeschool.in/data2/images/solarpower1804.jpg]
[www.jubileeschool.in/data2/images/solarpower1805.jpg]
[www.jubileeschool.in/data2/images/solarpower1806.jpg]
[www.jubileeschool.in/data2/images/solarpower1807.jpg]
[www.jubileeschool.in/data2/images/solarpower1808.jpg]
[www.jubileeschool.in/data2/images/solarpower1809.jpg]
[www.jubileeschool.in/data2/images/solarpower1810.jpg]
[www.jubileeschool.in/data2/images/solarpower1811.jpg]
[www.jubileeschool.in/data2/images/solarpower1812.jpg]
[www.jubileeschool.in/data2/images/solarpower1813.jpg]
[www.jubileeschool.in/data2/images/solarpower1814.jpg]
[www.jubileeschool.in/data2/images/solarpower1815.jpg]
[www.jubileeschool.in/data2/images/solarpower1816.jpg]
[www.jubileeschool.in/data2/images/solarpower1817.jpg]
[www.jubileeschool.in/data2/images/solarpower1818.jpg]
[www.jubileeschool.in/gallery_solar18.html]
[www.jubileeschool.in/data2/images/nutrition1801.jpg]
[www.jubileeschool.in/data2/images/nutrition1802.jpg]
[www.jubileeschool.in/data2/images/nutrition1803.jpg]
[www.jubileeschool.in/data2/images/nutrition1804.jpg]
[www.jubileeschool.in/data2/images/nutrition1805.jpg]
[www.jubileeschool.in/data2/images/nutrition1806.jpg]
[www.jubileeschool.in/data2/images/nutrition1807.jpg]
[www.jubileeschool.in/data2/images/nutrition1808.jpg]
[www.jubileeschool.in/data2/images/nutrition1809.jpg]
[www.jubileeschool.in/data2/images/nutrition1810.jpg]
[www.jubileeschool.in/data2/images/nutrition1811.jpg]
[www.jubileeschool.in/data2/images/nutrition1812.jpg]
[www.jubileeschool.in/data2/images/nutrition1813.jpg]
[www.jubileeschool.in/data2/images/nutrition1814.jpg]
[www.jubileeschool.in/data2/images/nutrition1815.jpg]
[www.jubileeschool.in/data2/images/nutrition1816.jpg]
[www.jubileeschool.in/data2/images/nutrition1817.jpg]
[www.jubileeschool.in/data2/images/nutrition1818.jpg]
[www.jubileeschool.in/data2/images/nutrition1819.jpg]
[www.jubileeschool.in/data2/images/nutrition1820.jpg]
[www.jubileeschool.in/data2/images/nutrition1821.jpg]
[www.jubileeschool.in/data2/images/nutrition1822.jpg]
[www.jubileeschool.in/data2/images/nutrition1823.jpg]
[www.jubileeschool.in/data2/images/nutrition1824.jpg]
[www.jubileeschool.in/data2/images/nutrition1825.jpg]
[www.jubileeschool.in/data2/images/nutrition1826.jpg]
[www.jubileeschool.in/data2/images/nutrition1827.jpg]
[www.jubileeschool.in/data2/images/nutrition1828.jpg]
[www.jubileeschool.in/data2/images/nutrition1829.jpg]
[www.jubileeschool.in/data2/images/nutrition1830.jpg]
[www.jubileeschool.in/data2/images/nutrition1831.jpg]
[www.jubileeschool.in/data2/images/nutrition1832.jpg]
[www.jubileeschool.in/gallery_nutrition18.html]
[www.jubileeschool.in/data2/images/fieldtrip18std1201.jpg]
[www.jubileeschool.in/data2/images/fieldtrip18std1202.jpg]
[www.jubileeschool.in/data2/images/fieldtrip18std1203.jpg]
[www.jubileeschool.in/data2/images/fieldtrip18std1204.jpg]
[www.jubileeschool.in/data2/images/fieldtrip18std1205.jpg]
[www.jubileeschool.in/data2/images/fieldtrip18std1206.jpg]
[www.jubileeschool.in/data2/images/fieldtrip18std1207.jpg]
[www.jubileeschool.in/data2/images/fieldtrip18std1208.jpg]
[www.jubileeschool.in/data2/images/fieldtrip18std1209.jpg]
[www.jubileeschool.in/data2/images/fieldtrip18std1210.jpg]
[www.jubileeschool.in/data2/images/fieldtrip18std1211.jpg]
[www.jubileeschool.in/data2/images/fieldtrip18std1212.jpg]
[www.jubileeschool.in/data2/images/fieldtrip18std1213.jpg]
[www.jubileeschool.in/gallery_fieldtrip1812.html]
[www.jubileeschool.in/data2/images/fieldtrip18std3401.jpg]
[www.jubileeschool.in/data2/images/fieldtrip18std3402.jpg]
[www.jubileeschool.in/data2/images/fieldtrip18std3403.jpg]
[www.jubileeschool.in/data2/images/fieldtrip18std3404.jpg]
[www.jubileeschool.in/data2/images/fieldtrip18std3405.jpg]
[www.jubileeschool.in/data2/images/fieldtrip18std3406.jpg]
[www.jubileeschool.in/data2/images/fieldtrip18std3407.jpg]
[www.jubileeschool.in/data2/images/fieldtrip18std3408.jpg]
[www.jubileeschool.in/data2/images/fieldtrip18std3409.jpg]
[www.jubileeschool.in/data2/images/fieldtrip18std3410.jpg]
[www.jubileeschool.in/data2/images/fieldtrip18std3411.jpg]
[www.jubileeschool.in/data2/images/fieldtrip18std3412.jpg]
[www.jubileeschool.in/gallery_fieldtrip1834.html]
[www.jubileeschool.in/data2/images/sports1801.jpg]
[www.jubileeschool.in/data2/images/sports1802.jpg]
[www.jubileeschool.in/data2/images/sports1803.jpg]
[www.jubileeschool.in/data2/images/sports1804.jpg]
[www.jubileeschool.in/data2/images/sports1805.jpg]
[www.jubileeschool.in/data2/images/sports1806.jpg]
[www.jubileeschool.in/data2/images/sports1807.jpg]
[www.jubileeschool.in/data2/images/sports1808.jpg]
[www.jubileeschool.in/data2/images/sports1809.jpg]
[www.jubileeschool.in/data2/images/sports1810.jpg]
[www.jubileeschool.in/data2/images/sports1811.jpg]
[www.jubileeschool.in/data2/images/sports1812.jpg]
[www.jubileeschool.in/data2/images/sports1813.jpg]
[www.jubileeschool.in/data2/images/sports1814.jpg]
[www.jubileeschool.in/data2/images/sports1815.jpg]
[www.jubileeschool.in/data2/images/sports1816.jpg]
[www.jubileeschool.in/data2/images/sports1817.jpg]
[www.jubileeschool.in/data2/images/sports1818.jpg]
[www.jubileeschool.in/data2/images/sports1819.jpg]
[www.jubileeschool.in/data2/images/sports1820.jpg]
[www.jubileeschool.in/data2/images/sports1821.jpg]
[www.jubileeschool.in/data2/images/sports1822.jpg]
[www.jubileeschool.in/data2/images/sports1823.jpg]
[www.jubileeschool.in/gallery_sports18.html]
[www.jubileeschool.in/data2/images/child1801.jpg]
[www.jubileeschool.in/data2/images/child1802.jpg]
[www.jubileeschool.in/data2/images/child1803.jpg]
[www.jubileeschool.in/data2/images/child1804.jpg]
[www.jubileeschool.in/data2/images/child1805.jpg]
[www.jubileeschool.in/data2/images/child1806.jpg]
[www.jubileeschool.in/data2/images/child1807.jpg]
[www.jubileeschool.in/data2/images/child1808.jpg]
[www.jubileeschool.in/data2/images/child1809.jpg]
[www.jubileeschool.in/data2/images/child1810.jpg]
[www.jubileeschool.in/data2/images/child1811.jpg]
[www.jubileeschool.in/data2/images/child1812.jpg]
[www.jubileeschool.in/data2/images/child1813.jpg]
[www.jubileeschool.in/data2/images/child1814.jpg]
[www.jubileeschool.in/data2/images/child1815.jpg]
[www.jubileeschool.in/data2/images/child1816.jpg]
[www.jubileeschool.in/data2/images/child1817.jpg]
[www.jubileeschool.in/data2/images/child1818.jpg]
[www.jubileeschool.in/gallery_child18.html]
[www.jubileeschool.in/data2/images/republic1901.jpg]
[www.jubileeschool.in/data2/images/republic1902.jpg]
[www.jubileeschool.in/data2/images/republic1903.jpg]
[www.jubileeschool.in/data2/images/republic1904.jpg]
[www.jubileeschool.in/data2/images/republic1905.jpg]
[www.jubileeschool.in/data2/images/republic1906.jpg]
[www.jubileeschool.in/data2/images/republic1907.jpg]
[www.jubileeschool.in/data2/images/republic1908.jpg]
[www.jubileeschool.in/data2/images/republic1909.jpg]
[www.jubileeschool.in/gallery_republic19.html]
[www.jubileeschool.in/data2/images/fieldtrip18std701.jpg]
[www.jubileeschool.in/data2/images/fieldtrip18std702.jpg]
[www.jubileeschool.in/data2/images/fieldtrip18std703.jpg]
[www.jubileeschool.in/data2/images/fieldtrip18std704.jpg]
[www.jubileeschool.in/data2/images/fieldtrip18std705.jpg]
[www.jubileeschool.in/data2/images/fieldtrip18std706.jpg]
[www.jubileeschool.in/data2/images/fieldtrip18std707.jpg]
[www.jubileeschool.in/gallery_fieldtrip187.html]
[www.jubileeschool.in/data2/images/fieldtrip18std901.jpg]
[www.jubileeschool.in/data2/images/fieldtrip18std902.jpg]
[www.jubileeschool.in/data2/images/fieldtrip18std903.jpg]
[www.jubileeschool.in/data2/images/fieldtrip18std904.jpg]
[www.jubileeschool.in/data2/images/fieldtrip18std905.jpg]
[www.jubileeschool.in/data2/images/fieldtrip18std906.jpg]
[www.jubileeschool.in/data2/images/fieldtrip18std907.jpg]
[www.jubileeschool.in/data2/images/fieldtrip18std908.jpg]
[www.jubileeschool.in/data2/images/fieldtrip18std909.4e8.delayed]
[www.jubileeschool.in/gallery_fieldtrip189.html]
[www.jubileeschool.in/data2/images/fieldtrip18std1001.jpg]
[www.jubileeschool.in/data2/images/fieldtrip18std1002.jpg]
[www.jubileeschool.in/data2/images/fieldtrip18std1003.jpg]
[www.jubileeschool.in/data2/images/fieldtrip18std1004.jpg]
[www.jubileeschool.in/data2/images/fieldtrip18std1005.jpg]
[www.jubileeschool.in/data2/images/fieldtrip18std1006.jpg]
[www.jubileeschool.in/data2/images/fieldtrip18std1007.jpg]
[www.jubileeschool.in/data2/images/fieldtrip18std1008.jpg]
[www.jubileeschool.in/gallery_fieldtrip1810.html]
[www.jubileeschool.in/data2/images/harmony1801.jpg]
[www.jubileeschool.in/data2/images/harmony1802.jpg]
[www.jubileeschool.in/data2/images/harmony1803.jpg]
[www.jubileeschool.in/data2/images/harmony1804.jpg]
[www.jubileeschool.in/data2/images/harmony1805.jpg]
[www.jubileeschool.in/data2/images/harmony1806.jpg]
[www.jubileeschool.in/data2/images/harmony1807.jpg]
[www.jubileeschool.in/data2/images/harmony1808.jpg]
[www.jubileeschool.in/data2/images/harmony1809.jpg]
[www.jubileeschool.in/data2/images/harmony1810.jpg]
[www.jubileeschool.in/data2/images/harmony1811.jpg]
[www.jubileeschool.in/data2/images/harmony1812.jpg]
[www.jubileeschool.in/data2/images/harmony1813.jpg]
[www.jubileeschool.in/data2/images/harmony1814.jpg]
[www.jubileeschool.in/data2/images/harmony1815.jpg]
[www.jubileeschool.in/data2/images/harmony1816.jpg]
[www.jubileeschool.in/data2/images/harmony1817.jpg]
[www.jubileeschool.in/data2/images/harmony1818.jpg]
[www.jubileeschool.in/data2/images/harmony1819.jpg]
[www.jubileeschool.in/gallery_annual18191.html]
[www.jubileeschool.in/data2/images/harmony1820.jpg]
[www.jubileeschool.in/data2/images/harmony1821.jpg]
[www.jubileeschool.in/data2/images/harmony1822.jpg]
[www.jubileeschool.in/data2/images/harmony1823.jpg]
[www.jubileeschool.in/data2/images/harmony1824.jpg]
[www.jubileeschool.in/data2/images/harmony1825.jpg]
[www.jubileeschool.in/data2/images/harmony1826.jpg]
[www.jubileeschool.in/data2/images/harmony1827.jpg]
[www.jubileeschool.in/data2/images/harmony1828.jpg]
[www.jubileeschool.in/data2/images/harmony1829.jpg]
[www.jubileeschool.in/data2/images/harmony1830.jpg]
[www.jubileeschool.in/data2/images/harmony1831.jpg]
[www.jubileeschool.in/data2/images/harmony1832.jpg]
[www.jubileeschool.in/data2/images/harmony1833.jpg]
[www.jubileeschool.in/data2/images/harmony1834.jpg]
[www.jubileeschool.in/gallery_annual18192.html]
[www.jubileeschool.in/data2/images/graduation1901.jpg]
[www.jubileeschool.in/data2/images/graduation1902.jpg]
[www.jubileeschool.in/data2/images/graduation1903.jpg]
[www.jubileeschool.in/data2/images/graduation1904.jpg]
[www.jubileeschool.in/data2/images/graduation1905.jpg]
[www.jubileeschool.in/data2/images/graduation1906.jpg]
[www.jubileeschool.in/data2/images/graduation1907.jpg]
[www.jubileeschool.in/data2/images/graduation1908.jpg]
[www.jubileeschool.in/data2/images/graduation1909.jpg]
[www.jubileeschool.in/data2/images/graduation1910.jpg]
[www.jubileeschool.in/data2/images/graduation1911.jpg]
[www.jubileeschool.in/data2/images/graduation1912.jpg]
[www.jubileeschool.in/data2/images/graduation1913.jpg]
[www.jubileeschool.in/data2/images/graduation1914.jpg]
[www.jubileeschool.in/data2/images/graduation1915.jpg]
[www.jubileeschool.in/data2/images/graduation1916.jpg]
[www.jubileeschool.in/data2/images/graduation1917.jpg]
[www.jubileeschool.in/data2/images/graduation1918.jpg]
[www.jubileeschool.in/data2/images/graduation1919.jpg]
[www.jubileeschool.in/data2/images/graduation1920.jpg]
[www.jubileeschool.in/data2/images/graduation1921.jpg]
[www.jubileeschool.in/data2/images/graduation1922.jpg]
[www.jubileeschool.in/data2/images/graduation1923.jpg]
[www.jubileeschool.in/data2/images/graduation1924.jpg]
[www.jubileeschool.in/data2/images/graduation1925.jpg]
[www.jubileeschool.in/data2/images/graduation1926.jpg]
[www.jubileeschool.in/gallery_graduation19.html]
[www.jubileeschool.in/engine2/engine1/bg.html]
[www.jubileeschool.in/data2/images/fieldtrip18std909.html]
